// Jest Snapshot v1, https://goo.gl/fbAQLP

exports[`Sort renders correctly 1`] = `
<div
  className="sort"
  data-testid="sort"
>
  <div
    className="option active"
    id={0}
    onClick={[Function]}
  >
    <p>
      sort 
    </p>
    <p
      className="emphasized"
    >
      1
    </p>
    <p
      className="alphabetical"
    >
      symbol 1
    </p>
  </div>
  <div
    className="option"
    id={1}
    onClick={[Function]}
  >
    <p>
      sort 
    </p>
    <p
      className="emphasized"
    >
      2
    </p>
    <p
      className="alphabetical"
    >
      symbol 2
    </p>
  </div>
  <div
    className="option"
    id={2}
    onClick={[Function]}
  >
    <p>
      sort 
    </p>
    <p
      className="emphasized"
    >
      3
    </p>
    <p
      className="alphabetical"
    >
      symbol 3
    </p>
  </div>
</div>
`;
